// Vitest Snapshot v1, https://vitest.dev/guide/snapshot.html

exports[`DonationForm > renders correctly 1`] = `
<div>
  <div
    class="flex h-full items-center justify-center bg-gray-100 p-10 space-x-10"
  >
    <div
      class="w-1/2 bg-gradient-to-br from-sky-600 to-blue-900 text-white p-10 rounded-xl shadow-lg hover:shadow-2xl"
    >
      <h2
        class="text-2xl font-bold mb-4 flex items-center gap-2"
      >
        Transform Lives with the Gift of Sight
      </h2>
      <p
        class="text-lg leading-relaxed mb-6"
      >
        Over 
        <strong>
          800 million people
        </strong>
         lack access to glasses, limiting their ability to learn, work, and thrive. With
         
        <strong>
          any amount you’re able to give
        </strong>
        , you can provide someone with the gift of clear sight, unlocking a brighter future for themselves and their community.
      </p>
      <em
        class="block text-base font-medium"
      >
        Your support changes lives—one lens at a time. ❤️
      </em>
    </div>
    <div
      class="w-1/2"
    >
      <form
        class="bg-gradient-to-r from-blue-100 to-gray-200 p-7 rounded-xl w-full flex justify-center items-center flex-col space-y-10 shadow-lg"
      >
        <div
          class="w-2/3"
        >
          <h1
            class="text-center mb-6 text-4xl font-extrabold bg-gradient-to-r from-sky-500 to-sky-600 bg-clip-text text-transparent"
          >
            Support Hopeful Sight by Donating
          </h1>
          <div
            class="my-5 w-full"
          >
            <div
              class="relative"
            >
              <label
                class="absolute left-3 z-10 transition-all duration-200 top-3 text-gray-500  pl-10"
                for="name on card"
              >
                Name on card
                <span
                  class="text-red-600 ml-1"
                >
                  *
                </span>
              </label>
              <div
                class="relative"
              >
                <svg
                  class="absolute left-3 top-1/2 -translate-y-1/2 text-gray-400"
                  fill="currentColor"
                  height="1em"
                  stroke="currentColor"
                  stroke-width="0"
                  viewBox="0 0 24 24"
                  width="1em"
                  xmlns="http://www.w3.org/2000/svg"
                >
                  <path
                    d="M4 22C4 17.5817 7.58172 14 12 14C16.4183 14 20 17.5817 20 22H18C18 18.6863 15.3137 16 12 16C8.68629 16 6 18.6863 6 22H4ZM12 13C8.685 13 6 10.315 6 7C6 3.685 8.685 1 12 1C15.315 1 18 3.685 18 7C18 10.315 15.315 13 12 13ZM12 11C14.21 11 16 9.21 16 7C16 4.79 14.21 3 12 3C9.79 3 8 4.79 8 7C8 9.21 9.79 11 12 11Z"
                  />
                </svg>
                <input
                  class="name on card w-full align-center rounded-md border border-gray-300 py-2 px-3 pt-4 shadow-sm transition-all duration-200 focus:border-blue-500 focus:outline-none focus:ring-1 focus:ring-blue-500 pl-10 undefined"
                  data-testid="name on card"
                  placeholder=""
                  required=""
                  type="text"
                  value=""
                />
              </div>
            </div>
          </div>
          <div
            class="my-5 w-full"
          >
            <div
              class="relative"
            >
              <label
                class="absolute left-3 z-10 transition-all duration-200 top-3 text-gray-500  pl-10"
                for="email"
              >
                Email
                <span
                  class="text-red-600 ml-1"
                >
                  *
                </span>
              </label>
              <div
                class="relative"
              >
                <svg
                  class="absolute left-3 top-1/2 -translate-y-1/2 text-gray-400"
                  fill="currentColor"
                  height="1em"
                  stroke="currentColor"
                  stroke-width="0"
                  viewBox="0 0 24 24"
                  width="1em"
                  xmlns="http://www.w3.org/2000/svg"
                >
                  <path
                    d="M3 3H21C21.5523 3 22 3.44772 22 4V20C22 20.5523 21.5523 21 21 21H3C2.44772 21 2 20.5523 2 20V4C2 3.44772 2.44772 3 3 3ZM20 7.23792L12.0718 14.338L4 7.21594V19H20V7.23792ZM4.51146 5L12.0619 11.662L19.501 5H4.51146Z"
                  />
                </svg>
                <input
                  class="email w-full align-center rounded-md border border-gray-300 py-2 px-3 pt-4 shadow-sm transition-all duration-200 focus:border-blue-500 focus:outline-none focus:ring-1 focus:ring-blue-500 pl-10 undefined"
                  data-testid="email"
                  placeholder=""
                  required=""
                  type="text"
                  value=""
                />
              </div>
            </div>
          </div>
          <div
            class="my-5 w-full"
          >
            <div
              class="relative"
            >
              <label
                class="absolute left-3 z-10 transition-all duration-200 top-3 text-gray-500  pl-10"
                for="card number"
              >
                Card Number
                <span
                  class="text-red-600 ml-1"
                >
                  *
                </span>
              </label>
              <div
                class="relative"
              >
                <svg
                  class="absolute left-3 top-1/2 -translate-y-1/2 text-gray-400"
                  fill="currentColor"
                  height="1em"
                  stroke="currentColor"
                  stroke-width="0"
                  viewBox="0 0 24 24"
                  width="1em"
                  xmlns="http://www.w3.org/2000/svg"
                >
                  <path
                    d="M3.00488 2.99979H21.0049C21.5572 2.99979 22.0049 3.4475 22.0049 3.99979V19.9998C22.0049 20.5521 21.5572 20.9998 21.0049 20.9998H3.00488C2.4526 20.9998 2.00488 20.5521 2.00488 19.9998V3.99979C2.00488 3.4475 2.4526 2.99979 3.00488 2.99979ZM20.0049 10.9998H4.00488V18.9998H20.0049V10.9998ZM20.0049 8.99979V4.99979H4.00488V8.99979H20.0049ZM14.0049 14.9998H18.0049V16.9998H14.0049V14.9998Z"
                  />
                </svg>
                <input
                  class="card number w-full align-center rounded-md border border-gray-300 py-2 px-3 pt-4 shadow-sm transition-all duration-200 focus:border-blue-500 focus:outline-none focus:ring-1 focus:ring-blue-500 pl-10 undefined"
                  data-testid="card number"
                  placeholder=""
                  required=""
                  type="text"
                  value=""
                />
              </div>
            </div>
          </div>
          <div
            class="flex justify-end w-full"
          >
            <button
              class="bg-blue-500 hover:bg-blue-700 text-white font-light py-2 px-4 rounded text-xl"
            >
              Next
            </button>
          </div>
        </div>
      </form>
    </div>
  </div>
</div>
`;
